// Jest Snapshot v1, https://goo.gl/fbAQLP

exports[`SearchDirections should match snapshot 1`] = `
ShallowWrapper {
  Symbol(enzyme.__root__): [Circular],
  Symbol(enzyme.__unrendered__): <SearchDirections />,
  Symbol(enzyme.__renderer__): Object {
    "batchedUpdates": [Function],
    "getNode": [Function],
    "render": [Function],
    "simulateError": [Function],
    "simulateEvent": [Function],
    "unmount": [Function],
  },
  Symbol(enzyme.__node__): Object {
    "instance": null,
    "key": undefined,
    "nodeType": "host",
    "props": Object {
      "children": Array [
        <input
          className="origin"
          name="origin"
          onChange={[Function]}
          placeholder="enter origin"
          value=""
        />,
        <input
          className="departure"
          name="departure"
          onChange={[Function]}
          placeholder="enter departure"
          value=""
        />,
        <NavLink
          activeClassName="active"
          aria-current="page"
          to="/directions"
        >
          <button
            className="submit-btn"
            disabled={true}
          >
            submit
          </button>
        </NavLink>,
        <ul>
          <li>
            <label>
              <input
                checked={false}
                className="radio"
                name="radio"
                onChange={[Function]}
                type="checkbox"
                value="transit"
              />
              transit
            </label>
          </li>
          <li>
            <label>
              <input
                checked={false}
                className="radio"
                name="radio"
                onChange={[Function]}
                type="checkbox"
                value="walking"
              />
              walking
            </label>
          </li>
          <li>
            <label>
              <input
                checked={false}
                className="radio"
                name="radio"
                onChange={[Function]}
                type="checkbox"
                value="bicycling"
              />
              bicycling
            </label>
          </li>
          <li>
            <label>
              <input
                checked={false}
                className="radio"
                name="radio"
                onChange={[Function]}
                type="checkbox"
                value="driving"
              />
              driving
            </label>
          </li>
        </ul>,
      ],
      "onSubmit": [Function],
    },
    "ref": null,
    "rendered": Array [
      Object {
        "instance": null,
        "key": undefined,
        "nodeType": "host",
        "props": Object {
          "className": "origin",
          "name": "origin",
          "onChange": [Function],
          "placeholder": "enter origin",
          "value": "",
        },
        "ref": null,
        "rendered": null,
        "type": "input",
      },
      Object {
        "instance": null,
        "key": undefined,
        "nodeType": "host",
        "props": Object {
          "className": "departure",
          "name": "departure",
          "onChange": [Function],
          "placeholder": "enter departure",
          "value": "",
        },
        "ref": null,
        "rendered": null,
        "type": "input",
      },
      Object {
        "instance": null,
        "key": undefined,
        "nodeType": "function",
        "props": Object {
          "activeClassName": "active",
          "aria-current": "page",
          "children": <button
            className="submit-btn"
            disabled={true}
          >
            submit
          </button>,
          "to": "/directions",
        },
        "ref": null,
        "rendered": Object {
          "instance": null,
          "key": undefined,
          "nodeType": "host",
          "props": Object {
            "children": "submit",
            "className": "submit-btn",
            "disabled": true,
          },
          "ref": null,
          "rendered": "submit",
          "type": "button",
        },
        "type": [Function],
      },
      Object {
        "instance": null,
        "key": undefined,
        "nodeType": "host",
        "props": Object {
          "children": Array [
            <li>
              <label>
                <input
                  checked={false}
                  className="radio"
                  name="radio"
                  onChange={[Function]}
                  type="checkbox"
                  value="transit"
                />
                transit
              </label>
            </li>,
            <li>
              <label>
                <input
                  checked={false}
                  className="radio"
                  name="radio"
                  onChange={[Function]}
                  type="checkbox"
                  value="walking"
                />
                walking
              </label>
            </li>,
            <li>
              <label>
                <input
                  checked={false}
                  className="radio"
                  name="radio"
                  onChange={[Function]}
                  type="checkbox"
                  value="bicycling"
                />
                bicycling
              </label>
            </li>,
            <li>
              <label>
                <input
                  checked={false}
                  className="radio"
                  name="radio"
                  onChange={[Function]}
                  type="checkbox"
                  value="driving"
                />
                driving
              </label>
            </li>,
          ],
        },
        "ref": null,
        "rendered": Array [
          Object {
            "instance": null,
            "key": undefined,
            "nodeType": "host",
            "props": Object {
              "children": <label>
                <input
                  checked={false}
                  className="radio"
                  name="radio"
                  onChange={[Function]}
                  type="checkbox"
                  value="transit"
                />
                transit
              </label>,
            },
            "ref": null,
            "rendered": Object {
              "instance": null,
              "key": undefined,
              "nodeType": "host",
              "props": Object {
                "children": Array [
                  <input
                    checked={false}
                    className="radio"
                    name="radio"
                    onChange={[Function]}
                    type="checkbox"
                    value="transit"
                  />,
                  "transit",
                ],
              },
              "ref": null,
              "rendered": Array [
                Object {
                  "instance": null,
                  "key": undefined,
                  "nodeType": "host",
                  "props": Object {
                    "checked": false,
                    "className": "radio",
                    "name": "radio",
                    "onChange": [Function],
                    "type": "checkbox",
                    "value": "transit",
                  },
                  "ref": null,
                  "rendered": null,
                  "type": "input",
                },
                "transit",
              ],
              "type": "label",
            },
            "type": "li",
          },
          Object {
            "instance": null,
            "key": undefined,
            "nodeType": "host",
            "props": Object {
              "children": <label>
                <input
                  checked={false}
                  className="radio"
                  name="radio"
                  onChange={[Function]}
                  type="checkbox"
                  value="walking"
                />
                walking
              </label>,
            },
            "ref": null,
            "rendered": Object {
              "instance": null,
              "key": undefined,
              "nodeType": "host",
              "props": Object {
                "children": Array [
                  <input
                    checked={false}
                    className="radio"
                    name="radio"
                    onChange={[Function]}
                    type="checkbox"
                    value="walking"
                  />,
                  "walking",
                ],
              },
              "ref": null,
              "rendered": Array [
                Object {
                  "instance": null,
                  "key": undefined,
                  "nodeType": "host",
                  "props": Object {
                    "checked": false,
                    "className": "radio",
                    "name": "radio",
                    "onChange": [Function],
                    "type": "checkbox",
                    "value": "walking",
                  },
                  "ref": null,
                  "rendered": null,
                  "type": "input",
                },
                "walking",
              ],
              "type": "label",
            },
            "type": "li",
          },
          Object {
            "instance": null,
            "key": undefined,
            "nodeType": "host",
            "props": Object {
              "children": <label>
                <input
                  checked={false}
                  className="radio"
                  name="radio"
                  onChange={[Function]}
                  type="checkbox"
                  value="bicycling"
                />
                bicycling
              </label>,
            },
            "ref": null,
            "rendered": Object {
              "instance": null,
              "key": undefined,
              "nodeType": "host",
              "props": Object {
                "children": Array [
                  <input
                    checked={false}
                    className="radio"
                    name="radio"
                    onChange={[Function]}
                    type="checkbox"
                    value="bicycling"
                  />,
                  "bicycling",
                ],
              },
              "ref": null,
              "rendered": Array [
                Object {
                  "instance": null,
                  "key": undefined,
                  "nodeType": "host",
                  "props": Object {
                    "checked": false,
                    "className": "radio",
                    "name": "radio",
                    "onChange": [Function],
                    "type": "checkbox",
                    "value": "bicycling",
                  },
                  "ref": null,
                  "rendered": null,
                  "type": "input",
                },
                "bicycling",
              ],
              "type": "label",
            },
            "type": "li",
          },
          Object {
            "instance": null,
            "key": undefined,
            "nodeType": "host",
            "props": Object {
              "children": <label>
                <input
                  checked={false}
                  className="radio"
                  name="radio"
                  onChange={[Function]}
                  type="checkbox"
                  value="driving"
                />
                driving
              </label>,
            },
            "ref": null,
            "rendered": Object {
              "instance": null,
              "key": undefined,
              "nodeType": "host",
              "props": Object {
                "children": Array [
                  <input
                    checked={false}
                    className="radio"
                    name="radio"
                    onChange={[Function]}
                    type="checkbox"
                    value="driving"
                  />,
                  "driving",
                ],
              },
              "ref": null,
              "rendered": Array [
                Object {
                  "instance": null,
                  "key": undefined,
                  "nodeType": "host",
                  "props": Object {
                    "checked": false,
                    "className": "radio",
                    "name": "radio",
                    "onChange": [Function],
                    "type": "checkbox",
                    "value": "driving",
                  },
                  "ref": null,
                  "rendered": null,
                  "type": "input",
                },
                "driving",
              ],
              "type": "label",
            },
            "type": "li",
          },
        ],
        "type": "ul",
      },
    ],
    "type": "form",
  },
  Symbol(enzyme.__nodes__): Array [
    Object {
      "instance": null,
      "key": undefined,
      "nodeType": "host",
      "props": Object {
        "children": Array [
          <input
            className="origin"
            name="origin"
            onChange={[Function]}
            placeholder="enter origin"
            value=""
          />,
          <input
            className="departure"
            name="departure"
            onChange={[Function]}
            placeholder="enter departure"
            value=""
          />,
          <NavLink
            activeClassName="active"
            aria-current="page"
            to="/directions"
          >
            <button
              className="submit-btn"
              disabled={true}
            >
              submit
            </button>
          </NavLink>,
          <ul>
            <li>
              <label>
                <input
                  checked={false}
                  className="radio"
                  name="radio"
                  onChange={[Function]}
                  type="checkbox"
                  value="transit"
                />
                transit
              </label>
            </li>
            <li>
              <label>
                <input
                  checked={false}
                  className="radio"
                  name="radio"
                  onChange={[Function]}
                  type="checkbox"
                  value="walking"
                />
                walking
              </label>
            </li>
            <li>
              <label>
                <input
                  checked={false}
                  className="radio"
                  name="radio"
                  onChange={[Function]}
                  type="checkbox"
                  value="bicycling"
                />
                bicycling
              </label>
            </li>
            <li>
              <label>
                <input
                  checked={false}
                  className="radio"
                  name="radio"
                  onChange={[Function]}
                  type="checkbox"
                  value="driving"
                />
                driving
              </label>
            </li>
          </ul>,
        ],
        "onSubmit": [Function],
      },
      "ref": null,
      "rendered": Array [
        Object {
          "instance": null,
          "key": undefined,
          "nodeType": "host",
          "props": Object {
            "className": "origin",
            "name": "origin",
            "onChange": [Function],
            "placeholder": "enter origin",
            "value": "",
          },
          "ref": null,
          "rendered": null,
          "type": "input",
        },
        Object {
          "instance": null,
          "key": undefined,
          "nodeType": "host",
          "props": Object {
            "className": "departure",
            "name": "departure",
            "onChange": [Function],
            "placeholder": "enter departure",
            "value": "",
          },
          "ref": null,
          "rendered": null,
          "type": "input",
        },
        Object {
          "instance": null,
          "key": undefined,
          "nodeType": "function",
          "props": Object {
            "activeClassName": "active",
            "aria-current": "page",
            "children": <button
              className="submit-btn"
              disabled={true}
            >
              submit
            </button>,
            "to": "/directions",
          },
          "ref": null,
          "rendered": Object {
            "instance": null,
            "key": undefined,
            "nodeType": "host",
            "props": Object {
              "children": "submit",
              "className": "submit-btn",
              "disabled": true,
            },
            "ref": null,
            "rendered": "submit",
            "type": "button",
          },
          "type": [Function],
        },
        Object {
          "instance": null,
          "key": undefined,
          "nodeType": "host",
          "props": Object {
            "children": Array [
              <li>
                <label>
                  <input
                    checked={false}
                    className="radio"
                    name="radio"
                    onChange={[Function]}
                    type="checkbox"
                    value="transit"
                  />
                  transit
                </label>
              </li>,
              <li>
                <label>
                  <input
                    checked={false}
                    className="radio"
                    name="radio"
                    onChange={[Function]}
                    type="checkbox"
                    value="walking"
                  />
                  walking
                </label>
              </li>,
              <li>
                <label>
                  <input
                    checked={false}
                    className="radio"
                    name="radio"
                    onChange={[Function]}
                    type="checkbox"
                    value="bicycling"
                  />
                  bicycling
                </label>
              </li>,
              <li>
                <label>
                  <input
                    checked={false}
                    className="radio"
                    name="radio"
                    onChange={[Function]}
                    type="checkbox"
                    value="driving"
                  />
                  driving
                </label>
              </li>,
            ],
          },
          "ref": null,
          "rendered": Array [
            Object {
              "instance": null,
              "key": undefined,
              "nodeType": "host",
              "props": Object {
                "children": <label>
                  <input
                    checked={false}
                    className="radio"
                    name="radio"
                    onChange={[Function]}
                    type="checkbox"
                    value="transit"
                  />
                  transit
                </label>,
              },
              "ref": null,
              "rendered": Object {
                "instance": null,
                "key": undefined,
                "nodeType": "host",
                "props": Object {
                  "children": Array [
                    <input
                      checked={false}
                      className="radio"
                      name="radio"
                      onChange={[Function]}
                      type="checkbox"
                      value="transit"
                    />,
                    "transit",
                  ],
                },
                "ref": null,
                "rendered": Array [
                  Object {
                    "instance": null,
                    "key": undefined,
                    "nodeType": "host",
                    "props": Object {
                      "checked": false,
                      "className": "radio",
                      "name": "radio",
                      "onChange": [Function],
                      "type": "checkbox",
                      "value": "transit",
                    },
                    "ref": null,
                    "rendered": null,
                    "type": "input",
                  },
                  "transit",
                ],
                "type": "label",
              },
              "type": "li",
            },
            Object {
              "instance": null,
              "key": undefined,
              "nodeType": "host",
              "props": Object {
                "children": <label>
                  <input
                    checked={false}
                    className="radio"
                    name="radio"
                    onChange={[Function]}
                    type="checkbox"
                    value="walking"
                  />
                  walking
                </label>,
              },
              "ref": null,
              "rendered": Object {
                "instance": null,
                "key": undefined,
                "nodeType": "host",
                "props": Object {
                  "children": Array [
                    <input
                      checked={false}
                      className="radio"
                      name="radio"
                      onChange={[Function]}
                      type="checkbox"
                      value="walking"
                    />,
                    "walking",
                  ],
                },
                "ref": null,
                "rendered": Array [
                  Object {
                    "instance": null,
                    "key": undefined,
                    "nodeType": "host",
                    "props": Object {
                      "checked": false,
                      "className": "radio",
                      "name": "radio",
                      "onChange": [Function],
                      "type": "checkbox",
                      "value": "walking",
                    },
                    "ref": null,
                    "rendered": null,
                    "type": "input",
                  },
                  "walking",
                ],
                "type": "label",
              },
              "type": "li",
            },
            Object {
              "instance": null,
              "key": undefined,
              "nodeType": "host",
              "props": Object {
                "children": <label>
                  <input
                    checked={false}
                    className="radio"
                    name="radio"
                    onChange={[Function]}
                    type="checkbox"
                    value="bicycling"
                  />
                  bicycling
                </label>,
              },
              "ref": null,
              "rendered": Object {
                "instance": null,
                "key": undefined,
                "nodeType": "host",
                "props": Object {
                  "children": Array [
                    <input
                      checked={false}
                      className="radio"
                      name="radio"
                      onChange={[Function]}
                      type="checkbox"
                      value="bicycling"
                    />,
                    "bicycling",
                  ],
                },
                "ref": null,
                "rendered": Array [
                  Object {
                    "instance": null,
                    "key": undefined,
                    "nodeType": "host",
                    "props": Object {
                      "checked": false,
                      "className": "radio",
                      "name": "radio",
                      "onChange": [Function],
                      "type": "checkbox",
                      "value": "bicycling",
                    },
                    "ref": null,
                    "rendered": null,
                    "type": "input",
                  },
                  "bicycling",
                ],
                "type": "label",
              },
              "type": "li",
            },
            Object {
              "instance": null,
              "key": undefined,
              "nodeType": "host",
              "props": Object {
                "children": <label>
                  <input
                    checked={false}
                    className="radio"
                    name="radio"
                    onChange={[Function]}
                    type="checkbox"
                    value="driving"
                  />
                  driving
                </label>,
              },
              "ref": null,
              "rendered": Object {
                "instance": null,
                "key": undefined,
                "nodeType": "host",
                "props": Object {
                  "children": Array [
                    <input
                      checked={false}
                      className="radio"
                      name="radio"
                      onChange={[Function]}
                      type="checkbox"
                      value="driving"
                    />,
                    "driving",
                  ],
                },
                "ref": null,
                "rendered": Array [
                  Object {
                    "instance": null,
                    "key": undefined,
                    "nodeType": "host",
                    "props": Object {
                      "checked": false,
                      "className": "radio",
                      "name": "radio",
                      "onChange": [Function],
                      "type": "checkbox",
                      "value": "driving",
                    },
                    "ref": null,
                    "rendered": null,
                    "type": "input",
                  },
                  "driving",
                ],
                "type": "label",
              },
              "type": "li",
            },
          ],
          "type": "ul",
        },
      ],
      "type": "form",
    },
  ],
  Symbol(enzyme.__options__): Object {
    "adapter": ReactSixteenAdapter {
      "options": Object {
        "enableComponentDidUpdateOnSetState": true,
        "lifecycles": Object {
          "componentDidUpdate": Object {
            "onSetState": true,
          },
          "getDerivedStateFromProps": true,
          "getSnapshotBeforeUpdate": true,
          "setState": Object {
            "skipsComponentDidUpdateOnNullish": true,
          },
        },
      },
    },
  },
}
`;
